// Jest Snapshot v1, https://goo.gl/fbAQLP

exports[`Pruebas en <MultipleCustomHooks /> debe de mostrar correctamente 1`] = `
<div>
  <h1>
    Breaking Bad
  </h1>
  <hr />
  <div
    className="alert alert-info text-center"
  >
    Loading...
  </div>
  <button
    className="btn btn-primary float-right"
    onClick={[Function]}
  >
    Load next quote
  </button>
</div>
`;
